// Jest Snapshot v1, https://goo.gl/fbAQLP

exports[`MerchantDetails component should render correctly 1`] = `
<div
  className="card my-2"
  key="123"
>
  <div
    className="card-header py-1 px-3"
  >
    <div
      className="d-flex justify-content-between"
    >
      Foo Bar
      <div>
        <Button
          className="mr-2"
          size="sm"
          theme="outline-secondary"
          to="/123"
        >
          Edit
        </Button>
        <Button
          onClick={[MockFunction]}
          size="sm"
          theme="danger"
        >
          Delete
        </Button>
      </div>
    </div>
  </div>
  <div
    className="card-body p-2"
  >
    <div>
      Contact: 
      123
    </div>
    <div
      className="d-flex"
    >
      <Bid
        amount={12}
        carTitle="Toyota"
        created="Sat Jul 06 2019 10:31:54 GMT+0200 (Central European Summer Time)"
        id="3"
        key="3"
      />
    </div>
  </div>
</div>
`;
