// Jest Snapshot v1, https://goo.gl/fbAQLP

exports[`App component should render correctly 1`] = `
<BrowserRouter>
  <Nav />
  <main
    className="container py-4"
  >
    <Switch>
      <Route
        path="/"
      >
        <Component />
      </Route>
    </Switch>
  </main>
</BrowserRouter>
`;
